// Jest Snapshot v1, https://goo.gl/fbAQLP

exports[`Pruebas en <PrimeraAp /> debe de mostrar <PrimeraApp /> correctamente 1`] = `
<Fragment>
  <h1>
    hola,soy goku
    !!!!
  </h1>
  <p>
    soy un subtitulo default
  </p>
</Fragment>
`;
